<?xml version="1.0" encoding="utf-8"?>
<TestRun id="8a6767e9-a7b4-4f0b-bdfd-f25209712482" name="JoachimWagner@KEPLER 2021-07-20 10:26:55" runUser="AzureAD\JoachimWagner" xmlns="http://microsoft.com/schemas/VisualStudio/TeamTest/2010">
  <Times creation="2021-07-20T10:26:55.8648932+02:00" queuing="2021-07-20T10:26:55.8648939+02:00" start="2021-07-20T10:26:52.5775446+02:00" finish="2021-07-20T10:26:56.1343311+02:00" />
  <TestSettings name="default" id="1b24b72c-1c76-4c90-8d4f-2fa7b52db5dc">
    <Deployment runDeploymentRoot="JoachimWagner_KEPLER_2021-07-20_10_26_55" />
  </TestSettings>
  <Results>
    <UnitTestResult executionId="9ea28055-ba50-4627-8622-07bb954b33d9" testId="74ca14a1-d085-28fe-fa5b-6ef7600c66df" testName="Check_ReartIsRpevAndIntrefrcWithDifferentLfzv_ReturnsCorrectAlert" computerName="KEPLER" duration="00:00:00.0010000" startTime="2021-07-20T10:26:55.0000000+02:00" endTime="2021-07-20T10:26:55.0000000+02:00" testType="13cdc9d9-ddb5-4fa4-a97d-d965ccfc6d4b" outcome="Passed" testListId="8c84fa94-04c1-424b-9868-57a2d4851a1d" relativeResultsDirectory="9ea28055-ba50-4627-8622-07bb954b33d9" />
    <UnitTestResult executionId="89a66341-a766-4d04-b9cf-dc9cb04c5c83" testId="e8123387-a16c-4cda-6102-c2ca1aa32a55" testName="Check_Storno_ReturnsNoAlert" computerName="KEPLER" duration="00:00:00.0020000" startTime="2021-07-20T10:26:55.0000000+02:00" endTime="2021-07-20T10:26:55.0000000+02:00" testType="13cdc9d9-ddb5-4fa4-a97d-d965ccfc6d4b" outcome="Passed" testListId="8c84fa94-04c1-424b-9868-57a2d4851a1d" relativeResultsDirectory="89a66341-a766-4d04-b9cf-dc9cb04c5c83" />
    <UnitTestResult executionId="44c305f4-db47-42a5-a3bb-5136e5ba07b9" testId="e5ae615b-ab6b-72cd-fa0e-190961277a90" testName="Check_ReartbezIsNotValid_ReturnsCorrectAlert" computerName="KEPLER" duration="00:00:00.0000001" startTime="2021-07-20T10:26:55.0000000+02:00" endTime="2021-07-20T10:26:55.0000000+02:00" testType="13cdc9d9-ddb5-4fa4-a97d-d965ccfc6d4b" outcome="Passed" testListId="8c84fa94-04c1-424b-9868-57a2d4851a1d" relativeResultsDirectory="44c305f4-db47-42a5-a3bb-5136e5ba07b9" />
    <UnitTestResult executionId="a86ce246-b5ac-4664-9221-dcf330af8811" testId="ef52c77d-2fcb-6515-62cc-56e4527cd05d" testName="Transform_InputDtoAb1IsPositive_ReturnsCorrectResult" computerName="KEPLER" duration="00:00:00.0140000" startTime="2021-07-20T10:26:55.0000000+02:00" endTime="2021-07-20T10:26:55.0000000+02:00" testType="13cdc9d9-ddb5-4fa4-a97d-d965ccfc6d4b" outcome="Passed" testListId="8c84fa94-04c1-424b-9868-57a2d4851a1d" relativeResultsDirectory="a86ce246-b5ac-4664-9221-dcf330af8811" />
    <UnitTestResult executionId="e29f4305-a1a8-4f1c-93f2-f5e45bcec08e" testId="a89724b7-5a9d-8e74-640f-94619edcb3e6" testName="Check_StornoIsNotValid_ReturnsCorrectAlert" computerName="KEPLER" duration="00:00:00.0000001" startTime="2021-07-20T10:26:55.0000000+02:00" endTime="2021-07-20T10:26:55.0000000+02:00" testType="13cdc9d9-ddb5-4fa4-a97d-d965ccfc6d4b" outcome="Passed" testListId="8c84fa94-04c1-424b-9868-57a2d4851a1d" relativeResultsDirectory="e29f4305-a1a8-4f1c-93f2-f5e45bcec08e" />
    <UnitTestResult executionId="5f45bb15-b96e-4c7e-8ea9-b277b2e740f3" testId="3fe7d41a-0ab3-5bab-4efc-570bf9375b6e" testName="Check_WpnrIsNotValid_ReturnsCorrectAlert" computerName="KEPLER" duration="00:00:00.0000001" startTime="2021-07-20T10:26:55.0000000+02:00" endTime="2021-07-20T10:26:55.0000000+02:00" testType="13cdc9d9-ddb5-4fa4-a97d-d965ccfc6d4b" outcome="Passed" testListId="8c84fa94-04c1-424b-9868-57a2d4851a1d" relativeResultsDirectory="5f45bb15-b96e-4c7e-8ea9-b277b2e740f3" />
    <UnitTestResult executionId="dda36ea7-f16b-4242-95dd-8debd5ff0e61" testId="fcd05b96-b92e-d7f2-527b-b5f44df1b089" testName="Check_ValutaGleichFaelligkeit_ReturnsCorrectAlert" computerName="KEPLER" duration="00:00:00.0010000" startTime="2021-07-20T10:26:55.0000000+02:00" endTime="2021-07-20T10:26:55.0000000+02:00" testType="13cdc9d9-ddb5-4fa4-a97d-d965ccfc6d4b" outcome="Passed" testListId="8c84fa94-04c1-424b-9868-57a2d4851a1d" relativeResultsDirectory="dda36ea7-f16b-4242-95dd-8debd5ff0e61" />
    <UnitTestResult executionId="450c4511-41a0-421e-abf6-b9a9c3c4a09d" testId="310ca7f5-760e-bff5-2f81-a60db0a6099c" testName="Check_TwoDtosAreNotValid_ReturnsAllAlerts" computerName="KEPLER" duration="00:00:00.0010000" startTime="2021-07-20T10:26:55.0000000+02:00" endTime="2021-07-20T10:26:55.0000000+02:00" testType="13cdc9d9-ddb5-4fa4-a97d-d965ccfc6d4b" outcome="Passed" testListId="8c84fa94-04c1-424b-9868-57a2d4851a1d" relativeResultsDirectory="450c4511-41a0-421e-abf6-b9a9c3c4a09d" />
    <UnitTestResult executionId="5f3e4ed1-71dd-4586-83dc-549e67b6a051" testId="ed0b9e76-bae5-9f28-f58d-e69846871bb1" testName="Check_WhguIsNotValid_ReturnsCorrectAlert" computerName="KEPLER" duration="00:00:00.0000001" startTime="2021-07-20T10:26:55.0000000+02:00" endTime="2021-07-20T10:26:55.0000000+02:00" testType="13cdc9d9-ddb5-4fa4-a97d-d965ccfc6d4b" outcome="Passed" testListId="8c84fa94-04c1-424b-9868-57a2d4851a1d" relativeResultsDirectory="5f3e4ed1-71dd-4586-83dc-549e67b6a051" />
    <UnitTestResult executionId="e56decac-4d63-4816-96f7-52efd09ee533" testId="ed2afc47-1f95-85e8-6276-04c75169d120" testName="Check_MarktKursIs0_ReturnsCorrectAlert" computerName="KEPLER" duration="00:00:00.0000001" startTime="2021-07-20T10:26:55.0000000+02:00" endTime="2021-07-20T10:26:55.0000000+02:00" testType="13cdc9d9-ddb5-4fa4-a97d-d965ccfc6d4b" outcome="Passed" testListId="8c84fa94-04c1-424b-9868-57a2d4851a1d" relativeResultsDirectory="e56decac-4d63-4816-96f7-52efd09ee533" />
    <UnitTestResult executionId="ab77fcda-8609-4549-b86b-42dad8ddca95" testId="80a0bac5-c07c-3780-702d-6f55aac8baf4" testName="Check_ReartIsRpevAndIntrefrcWithDifferentDatumab_ReturnsCorrectAlert" computerName="KEPLER" duration="00:00:00.0010000" startTime="2021-07-20T10:26:55.0000000+02:00" endTime="2021-07-20T10:26:55.0000000+02:00" testType="13cdc9d9-ddb5-4fa4-a97d-d965ccfc6d4b" outcome="Passed" testListId="8c84fa94-04c1-424b-9868-57a2d4851a1d" relativeResultsDirectory="ab77fcda-8609-4549-b86b-42dad8ddca95" />
    <UnitTestResult executionId="f529ea1a-b96a-416a-9f8d-79eac90ab38c" testId="7cb44998-806a-76bb-2cac-16f4158a9a76" testName="Check_LaufzeitUngleichZinstage_ReturnsCorrectAlert" computerName="KEPLER" duration="00:00:00.0010000" startTime="2021-07-20T10:26:55.0000000+02:00" endTime="2021-07-20T10:26:55.0000000+02:00" testType="13cdc9d9-ddb5-4fa4-a97d-d965ccfc6d4b" outcome="Passed" testListId="8c84fa94-04c1-424b-9868-57a2d4851a1d" relativeResultsDirectory="f529ea1a-b96a-416a-9f8d-79eac90ab38c" />
    <UnitTestResult executionId="214071af-0308-4eaf-bbc0-79d273360b5a" testId="945b037d-189c-6619-8847-76eb2abc73f5" testName="Check_ReartIsRpevAndIntrefrcWithDifferentSnrk_ReturnsCorrectAlert" computerName="KEPLER" duration="00:00:00.0010000" startTime="2021-07-20T10:26:55.0000000+02:00" endTime="2021-07-20T10:26:55.0000000+02:00" testType="13cdc9d9-ddb5-4fa4-a97d-d965ccfc6d4b" outcome="Passed" testListId="8c84fa94-04c1-424b-9868-57a2d4851a1d" relativeResultsDirectory="214071af-0308-4eaf-bbc0-79d273360b5a" />
    <UnitTestResult executionId="f8180c9e-2e18-4a25-8946-24e835a5b13f" testId="fc97e396-9155-71bb-2cf0-89d5d718587d" testName="Check_SnrkIsMissing_ReturnsCorrectAlert" computerName="KEPLER" duration="00:00:00.0000001" startTime="2021-07-20T10:26:55.0000000+02:00" endTime="2021-07-20T10:26:55.0000000+02:00" testType="13cdc9d9-ddb5-4fa4-a97d-d965ccfc6d4b" outcome="Passed" testListId="8c84fa94-04c1-424b-9868-57a2d4851a1d" relativeResultsDirectory="f8180c9e-2e18-4a25-8946-24e835a5b13f" />
    <UnitTestResult executionId="492cda61-48ca-4745-95be-a90caf868f96" testId="92a9a05b-7751-0b61-9bce-ef21ab6515d7" testName="Check_SomePropertyCombinationsInvalid_ReturnsCorrectAlerts" computerName="KEPLER" duration="00:00:00.0040000" startTime="2021-07-20T10:26:55.0000000+02:00" endTime="2021-07-20T10:26:55.0000000+02:00" testType="13cdc9d9-ddb5-4fa4-a97d-d965ccfc6d4b" outcome="Passed" testListId="8c84fa94-04c1-424b-9868-57a2d4851a1d" relativeResultsDirectory="492cda61-48ca-4745-95be-a90caf868f96" />
    <UnitTestResult executionId="ce7b40e4-58ca-4256-9013-7a0e2cde0986" testId="d43e622b-80b5-c9ac-a27e-f80418680e80" testName="Check_ReartIsRpekAndAb1IsNotSumOfAb1OfRpevs_ReturnsCorrectAlert" computerName="KEPLER" duration="00:00:00.0020000" startTime="2021-07-20T10:26:55.0000000+02:00" endTime="2021-07-20T10:26:55.0000000+02:00" testType="13cdc9d9-ddb5-4fa4-a97d-d965ccfc6d4b" outcome="Passed" testListId="8c84fa94-04c1-424b-9868-57a2d4851a1d" relativeResultsDirectory="ce7b40e4-58ca-4256-9013-7a0e2cde0986" />
    <UnitTestResult executionId="6015a59b-d89f-46cc-b262-b2d431adcc85" testId="3c76c4f8-b752-b5ae-7d11-1d18ad8f4efb" testName="Check_DenrIsMissing_ReturnsCorrectAlert" computerName="KEPLER" duration="00:00:00.0000001" startTime="2021-07-20T10:26:55.0000000+02:00" endTime="2021-07-20T10:26:55.0000000+02:00" testType="13cdc9d9-ddb5-4fa4-a97d-d965ccfc6d4b" outcome="Passed" testListId="8c84fa94-04c1-424b-9868-57a2d4851a1d" relativeResultsDirectory="6015a59b-d89f-46cc-b262-b2d431adcc85" />
    <UnitTestResult executionId="fc5fda88-ee00-4d5a-9075-f5b2ae43af1c" testId="f0a394d4-4819-27b9-6bd6-c7b6d05ff9b1" testName="Check_ReartIsRpevAndIntrefrcWithWrongReart_ReturnsCorrectAlert" computerName="KEPLER" duration="00:00:00.0020000" startTime="2021-07-20T10:26:55.0000000+02:00" endTime="2021-07-20T10:26:55.0000000+02:00" testType="13cdc9d9-ddb5-4fa4-a97d-d965ccfc6d4b" outcome="Passed" testListId="8c84fa94-04c1-424b-9868-57a2d4851a1d" relativeResultsDirectory="fc5fda88-ee00-4d5a-9075-f5b2ae43af1c" />
    <UnitTestResult executionId="77f89bdf-3d76-4ebd-9648-7f57eed75eb2" testId="4c523ea7-ca8b-7b99-b7a9-cd9e014a6818" testName="Transform_InputDtoWithIntrefrcIsNotEmpty_ReturnsCorrectResult" computerName="KEPLER" duration="00:00:00.0010000" startTime="2021-07-20T10:26:55.0000000+02:00" endTime="2021-07-20T10:26:55.0000000+02:00" testType="13cdc9d9-ddb5-4fa4-a97d-d965ccfc6d4b" outcome="Passed" testListId="8c84fa94-04c1-424b-9868-57a2d4851a1d" relativeResultsDirectory="77f89bdf-3d76-4ebd-9648-7f57eed75eb2" />
    <UnitTestResult executionId="8ae91078-d0a2-4bae-8a6a-4aaa0f5c49ee" testId="4077de25-cbee-579a-4699-0ae692e85bd0" testName="Transform_InputDtoStornoIs1_ReturnsInstrumentTypeGLDLS" computerName="KEPLER" duration="00:00:00.0020000" startTime="2021-07-20T10:26:55.0000000+02:00" endTime="2021-07-20T10:26:55.0000000+02:00" testType="13cdc9d9-ddb5-4fa4-a97d-d965ccfc6d4b" outcome="Passed" testListId="8c84fa94-04c1-424b-9868-57a2d4851a1d" relativeResultsDirectory="8ae91078-d0a2-4bae-8a6a-4aaa0f5c49ee" />
    <UnitTestResult executionId="39137ac8-c874-4dd8-921d-ec9315c00a19" testId="753513be-283b-2faa-caf1-1aed025a0b31" testName="Check_ReartIsRpevAndIntrefrcNotFoundInBeleg_ReturnsCorrectAlert" computerName="KEPLER" duration="00:00:00.0010000" startTime="2021-07-20T10:26:55.0000000+02:00" endTime="2021-07-20T10:26:55.0000000+02:00" testType="13cdc9d9-ddb5-4fa4-a97d-d965ccfc6d4b" outcome="Passed" testListId="8c84fa94-04c1-424b-9868-57a2d4851a1d" relativeResultsDirectory="39137ac8-c874-4dd8-921d-ec9315c00a19" />
    <UnitTestResult executionId="83fd0984-c1e4-479f-ab96-5255d2f1c2c6" testId="343af390-b46b-ff46-9ce6-f669b4fa33c7" testName="Check_UnusualDayCount_ReturnsCorrectAlert" computerName="KEPLER" duration="00:00:00.0000001" startTime="2021-07-20T10:26:55.0000000+02:00" endTime="2021-07-20T10:26:55.0000000+02:00" testType="13cdc9d9-ddb5-4fa4-a97d-d965ccfc6d4b" outcome="Passed" testListId="8c84fa94-04c1-424b-9868-57a2d4851a1d" relativeResultsDirectory="83fd0984-c1e4-479f-ab96-5255d2f1c2c6" />
    <UnitTestResult executionId="6bc521bd-b19c-4c60-ba6c-b905d183c5d6" testId="32db0390-2895-05b5-b4db-a03bafd5e412" testName="Check_ValutaNachFaelligkeit_ReturnsCorrectAlert" computerName="KEPLER" duration="00:00:00.0010000" startTime="2021-07-20T10:26:55.0000000+02:00" endTime="2021-07-20T10:26:55.0000000+02:00" testType="13cdc9d9-ddb5-4fa4-a97d-d965ccfc6d4b" outcome="Passed" testListId="8c84fa94-04c1-424b-9868-57a2d4851a1d" relativeResultsDirectory="6bc521bd-b19c-4c60-ba6c-b905d183c5d6" />
    <UnitTestResult executionId="b95468a4-36fe-4bc5-8b75-eb6722e075e4" testId="580f99e5-0fcb-fb17-664d-7ea4cb69fa9b" testName="Check_RepoLendNoNotFoundInTblRepoLend_ReturnsNoAlert" computerName="KEPLER" duration="00:00:00.0020000" startTime="2021-07-20T10:26:55.0000000+02:00" endTime="2021-07-20T10:26:55.0000000+02:00" testType="13cdc9d9-ddb5-4fa4-a97d-d965ccfc6d4b" outcome="Passed" testListId="8c84fa94-04c1-424b-9868-57a2d4851a1d" relativeResultsDirectory="b95468a4-36fe-4bc5-8b75-eb6722e075e4" />
    <UnitTestResult executionId="12c8075a-8e74-44a9-aad1-d7d6e10956bd" testId="14acd5c3-e908-3aec-2946-f44f99f17826" testName="Check_BelegIsMissing_ReturnsCorrectAlert" computerName="KEPLER" duration="00:00:00.0210000" startTime="2021-07-20T10:26:55.0000000+02:00" endTime="2021-07-20T10:26:55.0000000+02:00" testType="13cdc9d9-ddb5-4fa4-a97d-d965ccfc6d4b" outcome="Passed" testListId="8c84fa94-04c1-424b-9868-57a2d4851a1d" relativeResultsDirectory="12c8075a-8e74-44a9-aad1-d7d6e10956bd" />
    <UnitTestResult executionId="f064cd40-bcc1-4eac-9fd8-2235f240d46a" testId="3b46335a-f906-0dba-67c3-44e854aa58e8" testName="Transform_ReturnsEqualPortfolioNosForRelatedTrades" computerName="KEPLER" duration="00:00:00.0030000" startTime="2021-07-20T10:26:55.0000000+02:00" endTime="2021-07-20T10:26:55.0000000+02:00" testType="13cdc9d9-ddb5-4fa4-a97d-d965ccfc6d4b" outcome="Passed" testListId="8c84fa94-04c1-424b-9868-57a2d4851a1d" relativeResultsDirectory="f064cd40-bcc1-4eac-9fd8-2235f240d46a" />
    <UnitTestResult executionId="41438b35-c7a4-4d2d-a52b-a81ba3bed0a6" testId="8aa2ee32-518f-b5cd-f84a-61356cb78dc0" testName="Transform_InputDtoWithoutQueries_ReturnsCorrectResult" computerName="KEPLER" duration="00:00:00.0150000" startTime="2021-07-20T10:26:55.0000000+02:00" endTime="2021-07-20T10:26:55.0000000+02:00" testType="13cdc9d9-ddb5-4fa4-a97d-d965ccfc6d4b" outcome="Passed" testListId="8c84fa94-04c1-424b-9868-57a2d4851a1d" relativeResultsDirectory="41438b35-c7a4-4d2d-a52b-a81ba3bed0a6" />
    <UnitTestResult executionId="bae0f425-55e2-4f22-a5df-f050d9434ba0" testId="6b87a63b-553f-3360-3c21-0937d96624ab" testName="Check_BelegIsNotValid_ReturnsCorrectAlert" computerName="KEPLER" duration="00:00:00.0000001" startTime="2021-07-20T10:26:55.0000000+02:00" endTime="2021-07-20T10:26:55.0000000+02:00" testType="13cdc9d9-ddb5-4fa4-a97d-d965ccfc6d4b" outcome="Passed" testListId="8c84fa94-04c1-424b-9868-57a2d4851a1d" relativeResultsDirectory="bae0f425-55e2-4f22-a5df-f050d9434ba0" />
    <UnitTestResult executionId="78b35172-182a-4f39-a43c-2b9acd047e1f" testId="e40343f3-991e-f446-62f6-1a9ecc3c632f" testName="Check_ReartIsRpevAndIntrefrcWithDifferentLfzb_ReturnsCorrectAlert" computerName="KEPLER" duration="00:00:00.0010000" startTime="2021-07-20T10:26:55.0000000+02:00" endTime="2021-07-20T10:26:55.0000000+02:00" testType="13cdc9d9-ddb5-4fa4-a97d-d965ccfc6d4b" outcome="Passed" testListId="8c84fa94-04c1-424b-9868-57a2d4851a1d" relativeResultsDirectory="78b35172-182a-4f39-a43c-2b9acd047e1f" />
    <UnitTestResult executionId="a74d18e9-4ad6-4921-8f95-f1abaffcbb43" testId="e7fbf797-1c8b-40a8-5802-94e1c2247ec4" testName="Check_Storno1UndStatbFreigegeben_ReturnsCorrectAlert" computerName="KEPLER" duration="00:00:00.0010000" startTime="2021-07-20T10:26:55.0000000+02:00" endTime="2021-07-20T10:26:55.0000000+02:00" testType="13cdc9d9-ddb5-4fa4-a97d-d965ccfc6d4b" outcome="Passed" testListId="8c84fa94-04c1-424b-9868-57a2d4851a1d" relativeResultsDirectory="a74d18e9-4ad6-4921-8f95-f1abaffcbb43" />
    <UnitTestResult executionId="3a97d388-4207-43a3-9af2-e1b3d29c4ab2" testId="885a3641-4c76-1c22-9afb-f455f0d473ad" testName="Check_DtosAreValid_ReturnsNoAlerts" computerName="KEPLER" duration="00:00:00.0010000" startTime="2021-07-20T10:26:55.0000000+02:00" endTime="2021-07-20T10:26:55.0000000+02:00" testType="13cdc9d9-ddb5-4fa4-a97d-d965ccfc6d4b" outcome="Passed" testListId="8c84fa94-04c1-424b-9868-57a2d4851a1d" relativeResultsDirectory="3a97d388-4207-43a3-9af2-e1b3d29c4ab2" />
    <UnitTestResult executionId="183a5214-7985-4f6f-9bda-34f695060fa0" testId="53b032d3-d2df-78a9-1eed-513c801f548d" testName="Transform_InputDtoWithGetPropertyValueByCounterpartyReturnsEmpty_ReturnsCorrectResult" computerName="KEPLER" duration="00:00:00.0030000" startTime="2021-07-20T10:26:55.0000000+02:00" endTime="2021-07-20T10:26:55.0000000+02:00" testType="13cdc9d9-ddb5-4fa4-a97d-d965ccfc6d4b" outcome="Passed" testListId="8c84fa94-04c1-424b-9868-57a2d4851a1d" relativeResultsDirectory="183a5214-7985-4f6f-9bda-34f695060fa0" />
    <UnitTestResult executionId="f716c667-352a-49f8-957a-64b565645784" testId="ef3be56c-94ed-c047-8d3c-6f8977bd21d2" testName="Check_Ab1AndAb2AndInterestAreNotConsistent_ReturnsCorrectAlert" computerName="KEPLER" duration="00:00:00.0380000" startTime="2021-07-20T10:26:55.0000000+02:00" endTime="2021-07-20T10:26:55.0000000+02:00" testType="13cdc9d9-ddb5-4fa4-a97d-d965ccfc6d4b" outcome="Passed" testListId="8c84fa94-04c1-424b-9868-57a2d4851a1d" relativeResultsDirectory="f716c667-352a-49f8-957a-64b565645784" />
    <UnitTestResult executionId="04956283-49eb-4283-ba51-cd838061498f" testId="369efccc-352a-528b-d8f5-764e67be203c" testName="Transform_InterestCalculationCallsService_ReturnsCorrectResult" computerName="KEPLER" duration="00:00:00.0040000" startTime="2021-07-20T10:26:55.0000000+02:00" endTime="2021-07-20T10:26:55.0000000+02:00" testType="13cdc9d9-ddb5-4fa4-a97d-d965ccfc6d4b" outcome="Passed" testListId="8c84fa94-04c1-424b-9868-57a2d4851a1d" relativeResultsDirectory="04956283-49eb-4283-ba51-cd838061498f" />
    <UnitTestResult executionId="ec084fc9-6a57-46f6-9477-c6ccf75dfe85" testId="305b212d-3908-dc68-eb2b-8809c2122082" testName="Check_StatbIsNotValid_ReturnsCorrectAlert" computerName="KEPLER" duration="00:00:00.0000001" startTime="2021-07-20T10:26:55.0000000+02:00" endTime="2021-07-20T10:26:55.0000000+02:00" testType="13cdc9d9-ddb5-4fa4-a97d-d965ccfc6d4b" outcome="Passed" testListId="8c84fa94-04c1-424b-9868-57a2d4851a1d" relativeResultsDirectory="ec084fc9-6a57-46f6-9477-c6ccf75dfe85" />
    <UnitTestResult executionId="bd31838d-4a4c-4c69-994a-5427ac1a98f5" testId="46ac35e9-46fe-6e8e-53cf-d897e294fa7c" testName="Transform_InputDtoWithQueries_ReturnsCorrectResult" computerName="KEPLER" duration="00:00:00.0040000" startTime="2021-07-20T10:26:55.0000000+02:00" endTime="2021-07-20T10:26:55.0000000+02:00" testType="13cdc9d9-ddb5-4fa4-a97d-d965ccfc6d4b" outcome="Passed" testListId="8c84fa94-04c1-424b-9868-57a2d4851a1d" relativeResultsDirectory="bd31838d-4a4c-4c69-994a-5427ac1a98f5" />
    <UnitTestResult executionId="31b2049a-cf23-4d55-b2cd-b2188f5175cf" testId="f3e52058-e095-79d5-875e-98a9d8638798" testName="Check_BelegIsDuplicate_ReturnsCorrectAlert" computerName="KEPLER" duration="00:00:00.0050000" startTime="2021-07-20T10:26:55.0000000+02:00" endTime="2021-07-20T10:26:55.0000000+02:00" testType="13cdc9d9-ddb5-4fa4-a97d-d965ccfc6d4b" outcome="Passed" testListId="8c84fa94-04c1-424b-9868-57a2d4851a1d" relativeResultsDirectory="31b2049a-cf23-4d55-b2cd-b2188f5175cf" />
    <UnitTestResult executionId="612f7504-5618-40a8-a420-32b32d794e67" testId="a8dc66c6-cdab-ae91-8ff5-81412196dfbe" testName="Check_ReartIsNotValid_ReturnsCorrectAlert" computerName="KEPLER" duration="00:00:00.0000001" startTime="2021-07-20T10:26:55.0000000+02:00" endTime="2021-07-20T10:26:55.0000000+02:00" testType="13cdc9d9-ddb5-4fa4-a97d-d965ccfc6d4b" outcome="Passed" testListId="8c84fa94-04c1-424b-9868-57a2d4851a1d" relativeResultsDirectory="612f7504-5618-40a8-a420-32b32d794e67" />
    <UnitTestResult executionId="5dc035b9-25a0-43f6-84f6-92f67869cf9f" testId="d53cf83b-8142-2338-f6e6-0bc959756026" testName="Check_LfzbIsBeforeBetrachtungstag_ReturnsCorrectAlert" computerName="KEPLER" duration="00:00:00.0000001" startTime="2021-07-20T10:26:55.0000000+02:00" endTime="2021-07-20T10:26:55.0000000+02:00" testType="13cdc9d9-ddb5-4fa4-a97d-d965ccfc6d4b" outcome="Passed" testListId="8c84fa94-04c1-424b-9868-57a2d4851a1d" relativeResultsDirectory="5dc035b9-25a0-43f6-84f6-92f67869cf9f" />
    <UnitTestResult executionId="56b6b7b6-5f93-4683-829e-383fc73d3a2e" testId="f9541ca4-60fe-9ed3-8824-372402ffc4db" testName="Check_SnrIsMissing_ReturnsCorrectAlert" computerName="KEPLER" duration="00:00:00.0000001" startTime="2021-07-20T10:26:55.0000000+02:00" endTime="2021-07-20T10:26:55.0000000+02:00" testType="13cdc9d9-ddb5-4fa4-a97d-d965ccfc6d4b" outcome="Passed" testListId="8c84fa94-04c1-424b-9868-57a2d4851a1d" relativeResultsDirectory="56b6b7b6-5f93-4683-829e-383fc73d3a2e" />
    <UnitTestResult executionId="74f9a389-d97f-4255-9220-300cd1dd58f2" testId="8c92c515-c14b-8438-cbe0-b1712098df6f" testName="Check_DtosAreValid_ReturnsNoAlerts" computerName="KEPLER" duration="00:00:00.0010000" startTime="2021-07-20T10:26:55.0000000+02:00" endTime="2021-07-20T10:26:55.0000000+02:00" testType="13cdc9d9-ddb5-4fa4-a97d-d965ccfc6d4b" outcome="Passed" testListId="8c84fa94-04c1-424b-9868-57a2d4851a1d" relativeResultsDirectory="74f9a389-d97f-4255-9220-300cd1dd58f2" />
    <UnitTestResult executionId="91c3004a-2c23-4946-a25c-098de1ddb6e6" testId="2723b988-abc3-918f-3d4d-d4973a476265" testName="Check_DtosAreValid_ReturnsNoAlerts" computerName="KEPLER" duration="00:00:00.0000001" startTime="2021-07-20T10:26:55.0000000+02:00" endTime="2021-07-20T10:26:55.0000000+02:00" testType="13cdc9d9-ddb5-4fa4-a97d-d965ccfc6d4b" outcome="Passed" testListId="8c84fa94-04c1-424b-9868-57a2d4851a1d" relativeResultsDirectory="91c3004a-2c23-4946-a25c-098de1ddb6e6" />
    <UnitTestResult executionId="195e213a-c493-4f28-af1b-31babbcbf7af" testId="4df513fa-06da-d378-51b3-9b3f4db836e9" testName="Check_RepoLendNoFoundInTblRepoLend_ReturnsCorrectAlert" computerName="KEPLER" duration="00:00:00.8640000" startTime="2021-07-20T10:26:54.0000000+02:00" endTime="2021-07-20T10:26:55.0000000+02:00" testType="13cdc9d9-ddb5-4fa4-a97d-d965ccfc6d4b" outcome="Passed" testListId="8c84fa94-04c1-424b-9868-57a2d4851a1d" relativeResultsDirectory="195e213a-c493-4f28-af1b-31babbcbf7af" />
    <UnitTestResult executionId="35bc45cb-c037-4da0-a88b-b7401ee2d5f1" testId="b5648cee-4bbf-b03b-bd60-3bbff58564a7" testName="Check_DatumabIsBeforeBetrachtungstagMinus21_ReturnsCorrectAlert" computerName="KEPLER" duration="00:00:00.0000001" startTime="2021-07-20T10:26:55.0000000+02:00" endTime="2021-07-20T10:26:55.0000000+02:00" testType="13cdc9d9-ddb5-4fa4-a97d-d965ccfc6d4b" outcome="Passed" testListId="8c84fa94-04c1-424b-9868-57a2d4851a1d" relativeResultsDirectory="35bc45cb-c037-4da0-a88b-b7401ee2d5f1" />
    <UnitTestResult executionId="9e644da8-5da0-4b34-bdc3-0d0a88236f9f" testId="cb6ce52b-7bea-1e6a-7d5e-d9535abaf226" testName="Check_TwoPropertiesAreNotValid_ReturnsTwoAlerts" computerName="KEPLER" duration="00:00:00.0010000" startTime="2021-07-20T10:26:55.0000000+02:00" endTime="2021-07-20T10:26:55.0000000+02:00" testType="13cdc9d9-ddb5-4fa4-a97d-d965ccfc6d4b" outcome="Passed" testListId="8c84fa94-04c1-424b-9868-57a2d4851a1d" relativeResultsDirectory="9e644da8-5da0-4b34-bdc3-0d0a88236f9f" />
    <UnitTestResult executionId="68f08c53-1cc5-4ce2-bb6e-905ef3568da3" testId="d779a0a0-02ae-d767-2d29-0670c263b2a4" testName="Check_IntrefrcIsNotValid_ReturnsCorrectAlert" computerName="KEPLER" duration="00:00:00.0000001" startTime="2021-07-20T10:26:55.0000000+02:00" endTime="2021-07-20T10:26:55.0000000+02:00" testType="13cdc9d9-ddb5-4fa4-a97d-d965ccfc6d4b" outcome="Passed" testListId="8c84fa94-04c1-424b-9868-57a2d4851a1d" relativeResultsDirectory="68f08c53-1cc5-4ce2-bb6e-905ef3568da3" />
    <UnitTestResult executionId="a8fba608-68cb-4a1d-aebd-dc767b4530a1" testId="f5242c50-e4a6-e1c1-3b1f-51f374c81842" testName="Check_StornoLeerUndStatbStorniert_ReturnsCorrectAlert" computerName="KEPLER" duration="00:00:00.0010000" startTime="2021-07-20T10:26:55.0000000+02:00" endTime="2021-07-20T10:26:55.0000000+02:00" testType="13cdc9d9-ddb5-4fa4-a97d-d965ccfc6d4b" outcome="Passed" testListId="8c84fa94-04c1-424b-9868-57a2d4851a1d" relativeResultsDirectory="a8fba608-68cb-4a1d-aebd-dc767b4530a1" />
    <UnitTestResult executionId="36775ca7-2229-4d65-aa13-8861e7b199b5" testId="37f0fb93-41be-1b14-e0b2-a8e3a7ec50f4" testName="Check_ReartIsRpevAndIntrefrcIsEmpty_ReturnsCorrectAlert" computerName="KEPLER" duration="00:00:00.0010000" startTime="2021-07-20T10:26:55.0000000+02:00" endTime="2021-07-20T10:26:55.0000000+02:00" testType="13cdc9d9-ddb5-4fa4-a97d-d965ccfc6d4b" outcome="Passed" testListId="8c84fa94-04c1-424b-9868-57a2d4851a1d" relativeResultsDirectory="36775ca7-2229-4d65-aa13-8861e7b199b5" />
  </Results>
  <TestDefinitions>
    <UnitTest name="Check_DtosAreValid_ReturnsNoAlerts" storage="c:\users\joachimwagner\documents\projekte\bundesbank\dataimport\repolendimporttests\bin\debug\netcoreapp2.1\repolendimporttests.dll" id="8c92c515-c14b-8438-cbe0-b1712098df6f">
      <Execution id="74f9a389-d97f-4255-9220-300cd1dd58f2" />
      <TestMethod codeBase="C:\Users\JoachimWagner\Documents\Projekte\Bundesbank\DataImport\RepoLendImportTests\bin\Debug\netcoreapp2.1\RepoLendImportTests.dll" adapterTypeName="executor://nunit3testexecutor/" className="BBk.Rc1.Ricis.DataImport.RepoLendImport.Services.Tests.RepoLendMultiFieldCheckServiceTests" name="Check_DtosAreValid_ReturnsNoAlerts" />
    </UnitTest>
    <UnitTest name="Check_DtosAreValid_ReturnsNoAlerts" storage="c:\users\joachimwagner\documents\projekte\bundesbank\dataimport\repolendimporttests\bin\debug\netcoreapp2.1\repolendimporttests.dll" id="885a3641-4c76-1c22-9afb-f455f0d473ad">
      <Execution id="3a97d388-4207-43a3-9af2-e1b3d29c4ab2" />
      <TestMethod codeBase="C:\Users\JoachimWagner\Documents\Projekte\Bundesbank\DataImport\RepoLendImportTests\bin\Debug\netcoreapp2.1\RepoLendImportTests.dll" adapterTypeName="executor://nunit3testexecutor/" className="BBk.Rc1.Ricis.DataImport.RepoLendImport.Services.Tests.RepoLendMultiRecordCheckServiceTests" name="Check_DtosAreValid_ReturnsNoAlerts" />
    </UnitTest>
    <UnitTest name="Check_LfzbIsBeforeBetrachtungstag_ReturnsCorrectAlert" storage="c:\users\joachimwagner\documents\projekte\bundesbank\dataimport\repolendimporttests\bin\debug\netcoreapp2.1\repolendimporttests.dll" id="d53cf83b-8142-2338-f6e6-0bc959756026">
      <Execution id="5dc035b9-25a0-43f6-84f6-92f67869cf9f" />
      <TestMethod codeBase="C:\Users\JoachimWagner\Documents\Projekte\Bundesbank\DataImport\RepoLendImportTests\bin\Debug\netcoreapp2.1\RepoLendImportTests.dll" adapterTypeName="executor://nunit3testexecutor/" className="BBk.Rc1.Ricis.DataImport.RepoLendImport.Services.Tests.RepoLendFieldCheckServiceTests" name="Check_LfzbIsBeforeBetrachtungstag_ReturnsCorrectAlert" />
    </UnitTest>
    <UnitTest name="Check_StornoLeerUndStatbStorniert_ReturnsCorrectAlert" storage="c:\users\joachimwagner\documents\projekte\bundesbank\dataimport\repolendimporttests\bin\debug\netcoreapp2.1\repolendimporttests.dll" id="f5242c50-e4a6-e1c1-3b1f-51f374c81842">
      <Execution id="a8fba608-68cb-4a1d-aebd-dc767b4530a1" />
      <TestMethod codeBase="C:\Users\JoachimWagner\Documents\Projekte\Bundesbank\DataImport\RepoLendImportTests\bin\Debug\netcoreapp2.1\RepoLendImportTests.dll" adapterTypeName="executor://nunit3testexecutor/" className="BBk.Rc1.Ricis.DataImport.RepoLendImport.Services.Tests.RepoLendMultiFieldCheckServiceTests" name="Check_StornoLeerUndStatbStorniert_ReturnsCorrectAlert" />
    </UnitTest>
    <UnitTest name="Check_BelegIsNotValid_ReturnsCorrectAlert" storage="c:\users\joachimwagner\documents\projekte\bundesbank\dataimport\repolendimporttests\bin\debug\netcoreapp2.1\repolendimporttests.dll" id="6b87a63b-553f-3360-3c21-0937d96624ab">
      <Execution id="bae0f425-55e2-4f22-a5df-f050d9434ba0" />
      <TestMethod codeBase="C:\Users\JoachimWagner\Documents\Projekte\Bundesbank\DataImport\RepoLendImportTests\bin\Debug\netcoreapp2.1\RepoLendImportTests.dll" adapterTypeName="executor://nunit3testexecutor/" className="BBk.Rc1.Ricis.DataImport.RepoLendImport.Services.Tests.RepoLendFieldCheckServiceTests" name="Check_BelegIsNotValid_ReturnsCorrectAlert" />
    </UnitTest>
    <UnitTest name="Check_DenrIsMissing_ReturnsCorrectAlert" storage="c:\users\joachimwagner\documents\projekte\bundesbank\dataimport\repolendimporttests\bin\debug\netcoreapp2.1\repolendimporttests.dll" id="3c76c4f8-b752-b5ae-7d11-1d18ad8f4efb">
      <Execution id="6015a59b-d89f-46cc-b262-b2d431adcc85" />
      <TestMethod codeBase="C:\Users\JoachimWagner\Documents\Projekte\Bundesbank\DataImport\RepoLendImportTests\bin\Debug\netcoreapp2.1\RepoLendImportTests.dll" adapterTypeName="executor://nunit3testexecutor/" className="BBk.Rc1.Ricis.DataImport.RepoLendImport.Services.Tests.RepoLendFieldCheckServiceTests" name="Check_DenrIsMissing_ReturnsCorrectAlert" />
    </UnitTest>
    <UnitTest name="Check_TwoDtosAreNotValid_ReturnsAllAlerts" storage="c:\users\joachimwagner\documents\projekte\bundesbank\dataimport\repolendimporttests\bin\debug\netcoreapp2.1\repolendimporttests.dll" id="310ca7f5-760e-bff5-2f81-a60db0a6099c">
      <Execution id="450c4511-41a0-421e-abf6-b9a9c3c4a09d" />
      <TestMethod codeBase="C:\Users\JoachimWagner\Documents\Projekte\Bundesbank\DataImport\RepoLendImportTests\bin\Debug\netcoreapp2.1\RepoLendImportTests.dll" adapterTypeName="executor://nunit3testexecutor/" className="BBk.Rc1.Ricis.DataImport.RepoLendImport.Services.Tests.RepoLendFieldCheckServiceTests" name="Check_TwoDtosAreNotValid_ReturnsAllAlerts" />
    </UnitTest>
    <UnitTest name="Check_ReartIsRpevAndIntrefrcNotFoundInBeleg_ReturnsCorrectAlert" storage="c:\users\joachimwagner\documents\projekte\bundesbank\dataimport\repolendimporttests\bin\debug\netcoreapp2.1\repolendimporttests.dll" id="753513be-283b-2faa-caf1-1aed025a0b31">
      <Execution id="39137ac8-c874-4dd8-921d-ec9315c00a19" />
      <TestMethod codeBase="C:\Users\JoachimWagner\Documents\Projekte\Bundesbank\DataImport\RepoLendImportTests\bin\Debug\netcoreapp2.1\RepoLendImportTests.dll" adapterTypeName="executor://nunit3testexecutor/" className="BBk.Rc1.Ricis.DataImport.RepoLendImport.Services.Tests.RepoLendMultiRecordCheckServiceTests" name="Check_ReartIsRpevAndIntrefrcNotFoundInBeleg_ReturnsCorrectAlert" />
    </UnitTest>
    <UnitTest name="Check_DtosAreValid_ReturnsNoAlerts" storage="c:\users\joachimwagner\documents\projekte\bundesbank\dataimport\repolendimporttests\bin\debug\netcoreapp2.1\repolendimporttests.dll" id="2723b988-abc3-918f-3d4d-d4973a476265">
      <Execution id="91c3004a-2c23-4946-a25c-098de1ddb6e6" />
      <TestMethod codeBase="C:\Users\JoachimWagner\Documents\Projekte\Bundesbank\DataImport\RepoLendImportTests\bin\Debug\netcoreapp2.1\RepoLendImportTests.dll" adapterTypeName="executor://nunit3testexecutor/" className="BBk.Rc1.Ricis.DataImport.RepoLendImport.Services.Tests.RepoLendFieldCheckServiceTests" name="Check_DtosAreValid_ReturnsNoAlerts" />
    </UnitTest>
    <UnitTest name="Check_SomePropertyCombinationsInvalid_ReturnsCorrectAlerts" storage="c:\users\joachimwagner\documents\projekte\bundesbank\dataimport\repolendimporttests\bin\debug\netcoreapp2.1\repolendimporttests.dll" id="92a9a05b-7751-0b61-9bce-ef21ab6515d7">
      <Execution id="492cda61-48ca-4745-95be-a90caf868f96" />
      <TestMethod codeBase="C:\Users\JoachimWagner\Documents\Projekte\Bundesbank\DataImport\RepoLendImportTests\bin\Debug\netcoreapp2.1\RepoLendImportTests.dll" adapterTypeName="executor://nunit3testexecutor/" className="BBk.Rc1.Ricis.DataImport.RepoLendImport.Services.Tests.RepoLendMultiFieldCheckServiceTests" name="Check_SomePropertyCombinationsInvalid_ReturnsCorrectAlerts" />
    </UnitTest>
    <UnitTest name="Check_RepoLendNoFoundInTblRepoLend_ReturnsCorrectAlert" storage="c:\users\joachimwagner\documents\projekte\bundesbank\dataimport\repolendimporttests\bin\debug\netcoreapp2.1\repolendimporttests.dll" id="4df513fa-06da-d378-51b3-9b3f4db836e9">
      <Execution id="195e213a-c493-4f28-af1b-31babbcbf7af" />
      <TestMethod codeBase="C:\Users\JoachimWagner\Documents\Projekte\Bundesbank\DataImport\RepoLendImportTests\bin\Debug\netcoreapp2.1\RepoLendImportTests.dll" adapterTypeName="executor://nunit3testexecutor/" className="BBk.Rc1.Ricis.DataImport.RepoLendImport.Services.Tests.RepoLendConsistencyWithDatabaseCheckServiceTests" name="Check_RepoLendNoFoundInTblRepoLend_ReturnsCorrectAlert" />
    </UnitTest>
    <UnitTest name="Check_DatumabIsBeforeBetrachtungstagMinus21_ReturnsCorrectAlert" storage="c:\users\joachimwagner\documents\projekte\bundesbank\dataimport\repolendimporttests\bin\debug\netcoreapp2.1\repolendimporttests.dll" id="b5648cee-4bbf-b03b-bd60-3bbff58564a7">
      <Execution id="35bc45cb-c037-4da0-a88b-b7401ee2d5f1" />
      <TestMethod codeBase="C:\Users\JoachimWagner\Documents\Projekte\Bundesbank\DataImport\RepoLendImportTests\bin\Debug\netcoreapp2.1\RepoLendImportTests.dll" adapterTypeName="executor://nunit3testexecutor/" className="BBk.Rc1.Ricis.DataImport.RepoLendImport.Services.Tests.RepoLendFieldCheckServiceTests" name="Check_DatumabIsBeforeBetrachtungstagMinus21_ReturnsCorrectAlert" />
    </UnitTest>
    <UnitTest name="Transform_InputDtoWithGetPropertyValueByCounterpartyReturnsEmpty_ReturnsCorrectResult" storage="c:\users\joachimwagner\documents\projekte\bundesbank\dataimport\repolendimporttests\bin\debug\netcoreapp2.1\repolendimporttests.dll" id="53b032d3-d2df-78a9-1eed-513c801f548d">
      <Execution id="183a5214-7985-4f6f-9bda-34f695060fa0" />
      <TestMethod codeBase="C:\Users\JoachimWagner\Documents\Projekte\Bundesbank\DataImport\RepoLendImportTests\bin\Debug\netcoreapp2.1\RepoLendImportTests.dll" adapterTypeName="executor://nunit3testexecutor/" className="BBk.Rc1.Ricis.DataImport.RepoLendImport.Services.Tests.RepoLendTransformServiceTests" name="Transform_InputDtoWithGetPropertyValueByCounterpartyReturnsEmpty_ReturnsCorrectResult" />
    </UnitTest>
    <UnitTest name="Check_WpnrIsNotValid_ReturnsCorrectAlert" storage="c:\users\joachimwagner\documents\projekte\bundesbank\dataimport\repolendimporttests\bin\debug\netcoreapp2.1\repolendimporttests.dll" id="3fe7d41a-0ab3-5bab-4efc-570bf9375b6e">
      <Execution id="5f45bb15-b96e-4c7e-8ea9-b277b2e740f3" />
      <TestMethod codeBase="C:\Users\JoachimWagner\Documents\Projekte\Bundesbank\DataImport\RepoLendImportTests\bin\Debug\netcoreapp2.1\RepoLendImportTests.dll" adapterTypeName="executor://nunit3testexecutor/" className="BBk.Rc1.Ricis.DataImport.RepoLendImport.Services.Tests.RepoLendFieldCheckServiceTests" name="Check_WpnrIsNotValid_ReturnsCorrectAlert" />
    </UnitTest>
    <UnitTest name="Check_ReartIsNotValid_ReturnsCorrectAlert" storage="c:\users\joachimwagner\documents\projekte\bundesbank\dataimport\repolendimporttests\bin\debug\netcoreapp2.1\repolendimporttests.dll" id="a8dc66c6-cdab-ae91-8ff5-81412196dfbe">
      <Execution id="612f7504-5618-40a8-a420-32b32d794e67" />
      <TestMethod codeBase="C:\Users\JoachimWagner\Documents\Projekte\Bundesbank\DataImport\RepoLendImportTests\bin\Debug\netcoreapp2.1\RepoLendImportTests.dll" adapterTypeName="executor://nunit3testexecutor/" className="BBk.Rc1.Ricis.DataImport.RepoLendImport.Services.Tests.RepoLendFieldCheckServiceTests" name="Check_ReartIsNotValid_ReturnsCorrectAlert" />
    </UnitTest>
    <UnitTest name="Check_SnrIsMissing_ReturnsCorrectAlert" storage="c:\users\joachimwagner\documents\projekte\bundesbank\dataimport\repolendimporttests\bin\debug\netcoreapp2.1\repolendimporttests.dll" id="f9541ca4-60fe-9ed3-8824-372402ffc4db">
      <Execution id="56b6b7b6-5f93-4683-829e-383fc73d3a2e" />
      <TestMethod codeBase="C:\Users\JoachimWagner\Documents\Projekte\Bundesbank\DataImport\RepoLendImportTests\bin\Debug\netcoreapp2.1\RepoLendImportTests.dll" adapterTypeName="executor://nunit3testexecutor/" className="BBk.Rc1.Ricis.DataImport.RepoLendImport.Services.Tests.RepoLendFieldCheckServiceTests" name="Check_SnrIsMissing_ReturnsCorrectAlert" />
    </UnitTest>
    <UnitTest name="Transform_ReturnsEqualPortfolioNosForRelatedTrades" storage="c:\users\joachimwagner\documents\projekte\bundesbank\dataimport\repolendimporttests\bin\debug\netcoreapp2.1\repolendimporttests.dll" id="3b46335a-f906-0dba-67c3-44e854aa58e8">
      <Execution id="f064cd40-bcc1-4eac-9fd8-2235f240d46a" />
      <TestMethod codeBase="C:\Users\JoachimWagner\Documents\Projekte\Bundesbank\DataImport\RepoLendImportTests\bin\Debug\netcoreapp2.1\RepoLendImportTests.dll" adapterTypeName="executor://nunit3testexecutor/" className="BBk.Rc1.Ricis.DataImport.RepoLendImport.Services.Tests.RepoLendTransformServiceTests" name="Transform_ReturnsEqualPortfolioNosForRelatedTrades" />
    </UnitTest>
    <UnitTest name="Check_WhguIsNotValid_ReturnsCorrectAlert" storage="c:\users\joachimwagner\documents\projekte\bundesbank\dataimport\repolendimporttests\bin\debug\netcoreapp2.1\repolendimporttests.dll" id="ed0b9e76-bae5-9f28-f58d-e69846871bb1">
      <Execution id="5f3e4ed1-71dd-4586-83dc-549e67b6a051" />
      <TestMethod codeBase="C:\Users\JoachimWagner\Documents\Projekte\Bundesbank\DataImport\RepoLendImportTests\bin\Debug\netcoreapp2.1\RepoLendImportTests.dll" adapterTypeName="executor://nunit3testexecutor/" className="BBk.Rc1.Ricis.DataImport.RepoLendImport.Services.Tests.RepoLendFieldCheckServiceTests" name="Check_WhguIsNotValid_ReturnsCorrectAlert" />
    </UnitTest>
    <UnitTest name="Check_ReartIsRpevAndIntrefrcWithWrongReart_ReturnsCorrectAlert" storage="c:\users\joachimwagner\documents\projekte\bundesbank\dataimport\repolendimporttests\bin\debug\netcoreapp2.1\repolendimporttests.dll" id="f0a394d4-4819-27b9-6bd6-c7b6d05ff9b1">
      <Execution id="fc5fda88-ee00-4d5a-9075-f5b2ae43af1c" />
      <TestMethod codeBase="C:\Users\JoachimWagner\Documents\Projekte\Bundesbank\DataImport\RepoLendImportTests\bin\Debug\netcoreapp2.1\RepoLendImportTests.dll" adapterTypeName="executor://nunit3testexecutor/" className="BBk.Rc1.Ricis.DataImport.RepoLendImport.Services.Tests.RepoLendMultiRecordCheckServiceTests" name="Check_ReartIsRpevAndIntrefrcWithWrongReart_ReturnsCorrectAlert" />
    </UnitTest>
    <UnitTest name="Transform_InputDtoWithoutQueries_ReturnsCorrectResult" storage="c:\users\joachimwagner\documents\projekte\bundesbank\dataimport\repolendimporttests\bin\debug\netcoreapp2.1\repolendimporttests.dll" id="8aa2ee32-518f-b5cd-f84a-61356cb78dc0">
      <Execution id="41438b35-c7a4-4d2d-a52b-a81ba3bed0a6" />
      <TestMethod codeBase="C:\Users\JoachimWagner\Documents\Projekte\Bundesbank\DataImport\RepoLendImportTests\bin\Debug\netcoreapp2.1\RepoLendImportTests.dll" adapterTypeName="executor://nunit3testexecutor/" className="BBk.Rc1.Ricis.DataImport.RepoLendImport.Services.Tests.RepoLendTransformServiceTests" name="Transform_InputDtoWithoutQueries_ReturnsCorrectResult" />
    </UnitTest>
    <UnitTest name="Check_Storno_ReturnsNoAlert" storage="c:\users\joachimwagner\documents\projekte\bundesbank\dataimport\repolendimporttests\bin\debug\netcoreapp2.1\repolendimporttests.dll" id="e8123387-a16c-4cda-6102-c2ca1aa32a55">
      <Execution id="89a66341-a766-4d04-b9cf-dc9cb04c5c83" />
      <TestMethod codeBase="C:\Users\JoachimWagner\Documents\Projekte\Bundesbank\DataImport\RepoLendImportTests\bin\Debug\netcoreapp2.1\RepoLendImportTests.dll" adapterTypeName="executor://nunit3testexecutor/" className="BBk.Rc1.Ricis.DataImport.RepoLendImport.Services.Tests.RepoLendConsistencyWithDatabaseCheckServiceTests" name="Check_Storno_ReturnsNoAlert" />
    </UnitTest>
    <UnitTest name="Check_ReartIsRpevAndIntrefrcIsEmpty_ReturnsCorrectAlert" storage="c:\users\joachimwagner\documents\projekte\bundesbank\dataimport\repolendimporttests\bin\debug\netcoreapp2.1\repolendimporttests.dll" id="37f0fb93-41be-1b14-e0b2-a8e3a7ec50f4">
      <Execution id="36775ca7-2229-4d65-aa13-8861e7b199b5" />
      <TestMethod codeBase="C:\Users\JoachimWagner\Documents\Projekte\Bundesbank\DataImport\RepoLendImportTests\bin\Debug\netcoreapp2.1\RepoLendImportTests.dll" adapterTypeName="executor://nunit3testexecutor/" className="BBk.Rc1.Ricis.DataImport.RepoLendImport.Services.Tests.RepoLendMultiFieldCheckServiceTests" name="Check_ReartIsRpevAndIntrefrcIsEmpty_ReturnsCorrectAlert" />
    </UnitTest>
    <UnitTest name="Check_SnrkIsMissing_ReturnsCorrectAlert" storage="c:\users\joachimwagner\documents\projekte\bundesbank\dataimport\repolendimporttests\bin\debug\netcoreapp2.1\repolendimporttests.dll" id="fc97e396-9155-71bb-2cf0-89d5d718587d">
      <Execution id="f8180c9e-2e18-4a25-8946-24e835a5b13f" />
      <TestMethod codeBase="C:\Users\JoachimWagner\Documents\Projekte\Bundesbank\DataImport\RepoLendImportTests\bin\Debug\netcoreapp2.1\RepoLendImportTests.dll" adapterTypeName="executor://nunit3testexecutor/" className="BBk.Rc1.Ricis.DataImport.RepoLendImport.Services.Tests.RepoLendFieldCheckServiceTests" name="Check_SnrkIsMissing_ReturnsCorrectAlert" />
    </UnitTest>
    <UnitTest name="Check_ReartbezIsNotValid_ReturnsCorrectAlert" storage="c:\users\joachimwagner\documents\projekte\bundesbank\dataimport\repolendimporttests\bin\debug\netcoreapp2.1\repolendimporttests.dll" id="e5ae615b-ab6b-72cd-fa0e-190961277a90">
      <Execution id="44c305f4-db47-42a5-a3bb-5136e5ba07b9" />
      <TestMethod codeBase="C:\Users\JoachimWagner\Documents\Projekte\Bundesbank\DataImport\RepoLendImportTests\bin\Debug\netcoreapp2.1\RepoLendImportTests.dll" adapterTypeName="executor://nunit3testexecutor/" className="BBk.Rc1.Ricis.DataImport.RepoLendImport.Services.Tests.RepoLendFieldCheckServiceTests" name="Check_ReartbezIsNotValid_ReturnsCorrectAlert" />
    </UnitTest>
    <UnitTest name="Check_LaufzeitUngleichZinstage_ReturnsCorrectAlert" storage="c:\users\joachimwagner\documents\projekte\bundesbank\dataimport\repolendimporttests\bin\debug\netcoreapp2.1\repolendimporttests.dll" id="7cb44998-806a-76bb-2cac-16f4158a9a76">
      <Execution id="f529ea1a-b96a-416a-9f8d-79eac90ab38c" />
      <TestMethod codeBase="C:\Users\JoachimWagner\Documents\Projekte\Bundesbank\DataImport\RepoLendImportTests\bin\Debug\netcoreapp2.1\RepoLendImportTests.dll" adapterTypeName="executor://nunit3testexecutor/" className="BBk.Rc1.Ricis.DataImport.RepoLendImport.Services.Tests.RepoLendMultiFieldCheckServiceTests" name="Check_LaufzeitUngleichZinstage_ReturnsCorrectAlert" />
    </UnitTest>
    <UnitTest name="Transform_InputDtoWithIntrefrcIsNotEmpty_ReturnsCorrectResult" storage="c:\users\joachimwagner\documents\projekte\bundesbank\dataimport\repolendimporttests\bin\debug\netcoreapp2.1\repolendimporttests.dll" id="4c523ea7-ca8b-7b99-b7a9-cd9e014a6818">
      <Execution id="77f89bdf-3d76-4ebd-9648-7f57eed75eb2" />
      <TestMethod codeBase="C:\Users\JoachimWagner\Documents\Projekte\Bundesbank\DataImport\RepoLendImportTests\bin\Debug\netcoreapp2.1\RepoLendImportTests.dll" adapterTypeName="executor://nunit3testexecutor/" className="BBk.Rc1.Ricis.DataImport.RepoLendImport.Services.Tests.RepoLendTransformServiceTests" name="Transform_InputDtoWithIntrefrcIsNotEmpty_ReturnsCorrectResult" />
    </UnitTest>
    <UnitTest name="Transform_InterestCalculationCallsService_ReturnsCorrectResult" storage="c:\users\joachimwagner\documents\projekte\bundesbank\dataimport\repolendimporttests\bin\debug\netcoreapp2.1\repolendimporttests.dll" id="369efccc-352a-528b-d8f5-764e67be203c">
      <Execution id="04956283-49eb-4283-ba51-cd838061498f" />
      <TestMethod codeBase="C:\Users\JoachimWagner\Documents\Projekte\Bundesbank\DataImport\RepoLendImportTests\bin\Debug\netcoreapp2.1\RepoLendImportTests.dll" adapterTypeName="executor://nunit3testexecutor/" className="BBk.Rc1.Ricis.DataImport.RepoLendImport.Services.Tests.RepoLendTransformServiceTests" name="Transform_InterestCalculationCallsService_ReturnsCorrectResult" />
    </UnitTest>
    <UnitTest name="Check_IntrefrcIsNotValid_ReturnsCorrectAlert" storage="c:\users\joachimwagner\documents\projekte\bundesbank\dataimport\repolendimporttests\bin\debug\netcoreapp2.1\repolendimporttests.dll" id="d779a0a0-02ae-d767-2d29-0670c263b2a4">
      <Execution id="68f08c53-1cc5-4ce2-bb6e-905ef3568da3" />
      <TestMethod codeBase="C:\Users\JoachimWagner\Documents\Projekte\Bundesbank\DataImport\RepoLendImportTests\bin\Debug\netcoreapp2.1\RepoLendImportTests.dll" adapterTypeName="executor://nunit3testexecutor/" className="BBk.Rc1.Ricis.DataImport.RepoLendImport.Services.Tests.RepoLendFieldCheckServiceTests" name="Check_IntrefrcIsNotValid_ReturnsCorrectAlert" />
    </UnitTest>
    <UnitTest name="Check_BelegIsDuplicate_ReturnsCorrectAlert" storage="c:\users\joachimwagner\documents\projekte\bundesbank\dataimport\repolendimporttests\bin\debug\netcoreapp2.1\repolendimporttests.dll" id="f3e52058-e095-79d5-875e-98a9d8638798">
      <Execution id="31b2049a-cf23-4d55-b2cd-b2188f5175cf" />
      <TestMethod codeBase="C:\Users\JoachimWagner\Documents\Projekte\Bundesbank\DataImport\RepoLendImportTests\bin\Debug\netcoreapp2.1\RepoLendImportTests.dll" adapterTypeName="executor://nunit3testexecutor/" className="BBk.Rc1.Ricis.DataImport.RepoLendImport.Services.Tests.RepoLendMultiRecordCheckServiceTests" name="Check_BelegIsDuplicate_ReturnsCorrectAlert" />
    </UnitTest>
    <UnitTest name="Check_MarktKursIs0_ReturnsCorrectAlert" storage="c:\users\joachimwagner\documents\projekte\bundesbank\dataimport\repolendimporttests\bin\debug\netcoreapp2.1\repolendimporttests.dll" id="ed2afc47-1f95-85e8-6276-04c75169d120">
      <Execution id="e56decac-4d63-4816-96f7-52efd09ee533" />
      <TestMethod codeBase="C:\Users\JoachimWagner\Documents\Projekte\Bundesbank\DataImport\RepoLendImportTests\bin\Debug\netcoreapp2.1\RepoLendImportTests.dll" adapterTypeName="executor://nunit3testexecutor/" className="BBk.Rc1.Ricis.DataImport.RepoLendImport.Services.Tests.RepoLendFieldCheckServiceTests" name="Check_MarktKursIs0_ReturnsCorrectAlert" />
    </UnitTest>
    <UnitTest name="Check_Storno1UndStatbFreigegeben_ReturnsCorrectAlert" storage="c:\users\joachimwagner\documents\projekte\bundesbank\dataimport\repolendimporttests\bin\debug\netcoreapp2.1\repolendimporttests.dll" id="e7fbf797-1c8b-40a8-5802-94e1c2247ec4">
      <Execution id="a74d18e9-4ad6-4921-8f95-f1abaffcbb43" />
      <TestMethod codeBase="C:\Users\JoachimWagner\Documents\Projekte\Bundesbank\DataImport\RepoLendImportTests\bin\Debug\netcoreapp2.1\RepoLendImportTests.dll" adapterTypeName="executor://nunit3testexecutor/" className="BBk.Rc1.Ricis.DataImport.RepoLendImport.Services.Tests.RepoLendMultiFieldCheckServiceTests" name="Check_Storno1UndStatbFreigegeben_ReturnsCorrectAlert" />
    </UnitTest>
    <UnitTest name="Check_Ab1AndAb2AndInterestAreNotConsistent_ReturnsCorrectAlert" storage="c:\users\joachimwagner\documents\projekte\bundesbank\dataimport\repolendimporttests\bin\debug\netcoreapp2.1\repolendimporttests.dll" id="ef3be56c-94ed-c047-8d3c-6f8977bd21d2">
      <Execution id="f716c667-352a-49f8-957a-64b565645784" />
      <TestMethod codeBase="C:\Users\JoachimWagner\Documents\Projekte\Bundesbank\DataImport\RepoLendImportTests\bin\Debug\netcoreapp2.1\RepoLendImportTests.dll" adapterTypeName="executor://nunit3testexecutor/" className="BBk.Rc1.Ricis.DataImport.RepoLendImport.Services.Tests.RepoLendMultiFieldCheckServiceTests" name="Check_Ab1AndAb2AndInterestAreNotConsistent_ReturnsCorrectAlert" />
    </UnitTest>
    <UnitTest name="Check_ReartIsRpekAndAb1IsNotSumOfAb1OfRpevs_ReturnsCorrectAlert" storage="c:\users\joachimwagner\documents\projekte\bundesbank\dataimport\repolendimporttests\bin\debug\netcoreapp2.1\repolendimporttests.dll" id="d43e622b-80b5-c9ac-a27e-f80418680e80">
      <Execution id="ce7b40e4-58ca-4256-9013-7a0e2cde0986" />
      <TestMethod codeBase="C:\Users\JoachimWagner\Documents\Projekte\Bundesbank\DataImport\RepoLendImportTests\bin\Debug\netcoreapp2.1\RepoLendImportTests.dll" adapterTypeName="executor://nunit3testexecutor/" className="BBk.Rc1.Ricis.DataImport.RepoLendImport.Services.Tests.RepoLendMultiRecordCheckServiceTests" name="Check_ReartIsRpekAndAb1IsNotSumOfAb1OfRpevs_ReturnsCorrectAlert" />
    </UnitTest>
    <UnitTest name="Check_UnusualDayCount_ReturnsCorrectAlert" storage="c:\users\joachimwagner\documents\projekte\bundesbank\dataimport\repolendimporttests\bin\debug\netcoreapp2.1\repolendimporttests.dll" id="343af390-b46b-ff46-9ce6-f669b4fa33c7">
      <Execution id="83fd0984-c1e4-479f-ab96-5255d2f1c2c6" />
      <TestMethod codeBase="C:\Users\JoachimWagner\Documents\Projekte\Bundesbank\DataImport\RepoLendImportTests\bin\Debug\netcoreapp2.1\RepoLendImportTests.dll" adapterTypeName="executor://nunit3testexecutor/" className="BBk.Rc1.Ricis.DataImport.RepoLendImport.Services.Tests.RepoLendFieldCheckServiceTests" name="Check_UnusualDayCount_ReturnsCorrectAlert" />
    </UnitTest>
    <UnitTest name="Check_ReartIsRpevAndIntrefrcWithDifferentSnrk_ReturnsCorrectAlert" storage="c:\users\joachimwagner\documents\projekte\bundesbank\dataimport\repolendimporttests\bin\debug\netcoreapp2.1\repolendimporttests.dll" id="945b037d-189c-6619-8847-76eb2abc73f5">
      <Execution id="214071af-0308-4eaf-bbc0-79d273360b5a" />
      <TestMethod codeBase="C:\Users\JoachimWagner\Documents\Projekte\Bundesbank\DataImport\RepoLendImportTests\bin\Debug\netcoreapp2.1\RepoLendImportTests.dll" adapterTypeName="executor://nunit3testexecutor/" className="BBk.Rc1.Ricis.DataImport.RepoLendImport.Services.Tests.RepoLendMultiRecordCheckServiceTests" name="Check_ReartIsRpevAndIntrefrcWithDifferentSnrk_ReturnsCorrectAlert" />
    </UnitTest>
    <UnitTest name="Check_ValutaNachFaelligkeit_ReturnsCorrectAlert" storage="c:\users\joachimwagner\documents\projekte\bundesbank\dataimport\repolendimporttests\bin\debug\netcoreapp2.1\repolendimporttests.dll" id="32db0390-2895-05b5-b4db-a03bafd5e412">
      <Execution id="6bc521bd-b19c-4c60-ba6c-b905d183c5d6" />
      <TestMethod codeBase="C:\Users\JoachimWagner\Documents\Projekte\Bundesbank\DataImport\RepoLendImportTests\bin\Debug\netcoreapp2.1\RepoLendImportTests.dll" adapterTypeName="executor://nunit3testexecutor/" className="BBk.Rc1.Ricis.DataImport.RepoLendImport.Services.Tests.RepoLendMultiFieldCheckServiceTests" name="Check_ValutaNachFaelligkeit_ReturnsCorrectAlert" />
    </UnitTest>
    <UnitTest name="Check_ReartIsRpevAndIntrefrcWithDifferentLfzb_ReturnsCorrectAlert" storage="c:\users\joachimwagner\documents\projekte\bundesbank\dataimport\repolendimporttests\bin\debug\netcoreapp2.1\repolendimporttests.dll" id="e40343f3-991e-f446-62f6-1a9ecc3c632f">
      <Execution id="78b35172-182a-4f39-a43c-2b9acd047e1f" />
      <TestMethod codeBase="C:\Users\JoachimWagner\Documents\Projekte\Bundesbank\DataImport\RepoLendImportTests\bin\Debug\netcoreapp2.1\RepoLendImportTests.dll" adapterTypeName="executor://nunit3testexecutor/" className="BBk.Rc1.Ricis.DataImport.RepoLendImport.Services.Tests.RepoLendMultiRecordCheckServiceTests" name="Check_ReartIsRpevAndIntrefrcWithDifferentLfzb_ReturnsCorrectAlert" />
    </UnitTest>
    <UnitTest name="Check_StornoIsNotValid_ReturnsCorrectAlert" storage="c:\users\joachimwagner\documents\projekte\bundesbank\dataimport\repolendimporttests\bin\debug\netcoreapp2.1\repolendimporttests.dll" id="a89724b7-5a9d-8e74-640f-94619edcb3e6">
      <Execution id="e29f4305-a1a8-4f1c-93f2-f5e45bcec08e" />
      <TestMethod codeBase="C:\Users\JoachimWagner\Documents\Projekte\Bundesbank\DataImport\RepoLendImportTests\bin\Debug\netcoreapp2.1\RepoLendImportTests.dll" adapterTypeName="executor://nunit3testexecutor/" className="BBk.Rc1.Ricis.DataImport.RepoLendImport.Services.Tests.RepoLendFieldCheckServiceTests" name="Check_StornoIsNotValid_ReturnsCorrectAlert" />
    </UnitTest>
    <UnitTest name="Check_BelegIsMissing_ReturnsCorrectAlert" storage="c:\users\joachimwagner\documents\projekte\bundesbank\dataimport\repolendimporttests\bin\debug\netcoreapp2.1\repolendimporttests.dll" id="14acd5c3-e908-3aec-2946-f44f99f17826">
      <Execution id="12c8075a-8e74-44a9-aad1-d7d6e10956bd" />
      <TestMethod codeBase="C:\Users\JoachimWagner\Documents\Projekte\Bundesbank\DataImport\RepoLendImportTests\bin\Debug\netcoreapp2.1\RepoLendImportTests.dll" adapterTypeName="executor://nunit3testexecutor/" className="BBk.Rc1.Ricis.DataImport.RepoLendImport.Services.Tests.RepoLendFieldCheckServiceTests" name="Check_BelegIsMissing_ReturnsCorrectAlert" />
    </UnitTest>
    <UnitTest name="Check_StatbIsNotValid_ReturnsCorrectAlert" storage="c:\users\joachimwagner\documents\projekte\bundesbank\dataimport\repolendimporttests\bin\debug\netcoreapp2.1\repolendimporttests.dll" id="305b212d-3908-dc68-eb2b-8809c2122082">
      <Execution id="ec084fc9-6a57-46f6-9477-c6ccf75dfe85" />
      <TestMethod codeBase="C:\Users\JoachimWagner\Documents\Projekte\Bundesbank\DataImport\RepoLendImportTests\bin\Debug\netcoreapp2.1\RepoLendImportTests.dll" adapterTypeName="executor://nunit3testexecutor/" className="BBk.Rc1.Ricis.DataImport.RepoLendImport.Services.Tests.RepoLendFieldCheckServiceTests" name="Check_StatbIsNotValid_ReturnsCorrectAlert" />
    </UnitTest>
    <UnitTest name="Check_RepoLendNoNotFoundInTblRepoLend_ReturnsNoAlert" storage="c:\users\joachimwagner\documents\projekte\bundesbank\dataimport\repolendimporttests\bin\debug\netcoreapp2.1\repolendimporttests.dll" id="580f99e5-0fcb-fb17-664d-7ea4cb69fa9b">
      <Execution id="b95468a4-36fe-4bc5-8b75-eb6722e075e4" />
      <TestMethod codeBase="C:\Users\JoachimWagner\Documents\Projekte\Bundesbank\DataImport\RepoLendImportTests\bin\Debug\netcoreapp2.1\RepoLendImportTests.dll" adapterTypeName="executor://nunit3testexecutor/" className="BBk.Rc1.Ricis.DataImport.RepoLendImport.Services.Tests.RepoLendConsistencyWithDatabaseCheckServiceTests" name="Check_RepoLendNoNotFoundInTblRepoLend_ReturnsNoAlert" />
    </UnitTest>
    <UnitTest name="Check_ReartIsRpevAndIntrefrcWithDifferentDatumab_ReturnsCorrectAlert" storage="c:\users\joachimwagner\documents\projekte\bundesbank\dataimport\repolendimporttests\bin\debug\netcoreapp2.1\repolendimporttests.dll" id="80a0bac5-c07c-3780-702d-6f55aac8baf4">
      <Execution id="ab77fcda-8609-4549-b86b-42dad8ddca95" />
      <TestMethod codeBase="C:\Users\JoachimWagner\Documents\Projekte\Bundesbank\DataImport\RepoLendImportTests\bin\Debug\netcoreapp2.1\RepoLendImportTests.dll" adapterTypeName="executor://nunit3testexecutor/" className="BBk.Rc1.Ricis.DataImport.RepoLendImport.Services.Tests.RepoLendMultiRecordCheckServiceTests" name="Check_ReartIsRpevAndIntrefrcWithDifferentDatumab_ReturnsCorrectAlert" />
    </UnitTest>
    <UnitTest name="Transform_InputDtoAb1IsPositive_ReturnsCorrectResult" storage="c:\users\joachimwagner\documents\projekte\bundesbank\dataimport\repolendimporttests\bin\debug\netcoreapp2.1\repolendimporttests.dll" id="ef52c77d-2fcb-6515-62cc-56e4527cd05d">
      <Execution id="a86ce246-b5ac-4664-9221-dcf330af8811" />
      <TestMethod codeBase="C:\Users\JoachimWagner\Documents\Projekte\Bundesbank\DataImport\RepoLendImportTests\bin\Debug\netcoreapp2.1\RepoLendImportTests.dll" adapterTypeName="executor://nunit3testexecutor/" className="BBk.Rc1.Ricis.DataImport.RepoLendImport.Services.Tests.RepoLendTransformServiceTests" name="Transform_InputDtoAb1IsPositive_ReturnsCorrectResult" />
    </UnitTest>
    <UnitTest name="Check_ValutaGleichFaelligkeit_ReturnsCorrectAlert" storage="c:\users\joachimwagner\documents\projekte\bundesbank\dataimport\repolendimporttests\bin\debug\netcoreapp2.1\repolendimporttests.dll" id="fcd05b96-b92e-d7f2-527b-b5f44df1b089">
      <Execution id="dda36ea7-f16b-4242-95dd-8debd5ff0e61" />
      <TestMethod codeBase="C:\Users\JoachimWagner\Documents\Projekte\Bundesbank\DataImport\RepoLendImportTests\bin\Debug\netcoreapp2.1\RepoLendImportTests.dll" adapterTypeName="executor://nunit3testexecutor/" className="BBk.Rc1.Ricis.DataImport.RepoLendImport.Services.Tests.RepoLendMultiFieldCheckServiceTests" name="Check_ValutaGleichFaelligkeit_ReturnsCorrectAlert" />
    </UnitTest>
    <UnitTest name="Transform_InputDtoStornoIs1_ReturnsInstrumentTypeGLDLS" storage="c:\users\joachimwagner\documents\projekte\bundesbank\dataimport\repolendimporttests\bin\debug\netcoreapp2.1\repolendimporttests.dll" id="4077de25-cbee-579a-4699-0ae692e85bd0">
      <Execution id="8ae91078-d0a2-4bae-8a6a-4aaa0f5c49ee" />
      <TestMethod codeBase="C:\Users\JoachimWagner\Documents\Projekte\Bundesbank\DataImport\RepoLendImportTests\bin\Debug\netcoreapp2.1\RepoLendImportTests.dll" adapterTypeName="executor://nunit3testexecutor/" className="BBk.Rc1.Ricis.DataImport.RepoLendImport.Services.Tests.RepoLendTransformServiceTests" name="Transform_InputDtoStornoIs1_ReturnsInstrumentTypeGLDLS" />
    </UnitTest>
    <UnitTest name="Check_ReartIsRpevAndIntrefrcWithDifferentLfzv_ReturnsCorrectAlert" storage="c:\users\joachimwagner\documents\projekte\bundesbank\dataimport\repolendimporttests\bin\debug\netcoreapp2.1\repolendimporttests.dll" id="74ca14a1-d085-28fe-fa5b-6ef7600c66df">
      <Execution id="9ea28055-ba50-4627-8622-07bb954b33d9" />
      <TestMethod codeBase="C:\Users\JoachimWagner\Documents\Projekte\Bundesbank\DataImport\RepoLendImportTests\bin\Debug\netcoreapp2.1\RepoLendImportTests.dll" adapterTypeName="executor://nunit3testexecutor/" className="BBk.Rc1.Ricis.DataImport.RepoLendImport.Services.Tests.RepoLendMultiRecordCheckServiceTests" name="Check_ReartIsRpevAndIntrefrcWithDifferentLfzv_ReturnsCorrectAlert" />
    </UnitTest>
    <UnitTest name="Transform_InputDtoWithQueries_ReturnsCorrectResult" storage="c:\users\joachimwagner\documents\projekte\bundesbank\dataimport\repolendimporttests\bin\debug\netcoreapp2.1\repolendimporttests.dll" id="46ac35e9-46fe-6e8e-53cf-d897e294fa7c">
      <Execution id="bd31838d-4a4c-4c69-994a-5427ac1a98f5" />
      <TestMethod codeBase="C:\Users\JoachimWagner\Documents\Projekte\Bundesbank\DataImport\RepoLendImportTests\bin\Debug\netcoreapp2.1\RepoLendImportTests.dll" adapterTypeName="executor://nunit3testexecutor/" className="BBk.Rc1.Ricis.DataImport.RepoLendImport.Services.Tests.RepoLendTransformServiceTests" name="Transform_InputDtoWithQueries_ReturnsCorrectResult" />
    </UnitTest>
    <UnitTest name="Check_TwoPropertiesAreNotValid_ReturnsTwoAlerts" storage="c:\users\joachimwagner\documents\projekte\bundesbank\dataimport\repolendimporttests\bin\debug\netcoreapp2.1\repolendimporttests.dll" id="cb6ce52b-7bea-1e6a-7d5e-d9535abaf226">
      <Execution id="9e644da8-5da0-4b34-bdc3-0d0a88236f9f" />
      <TestMethod codeBase="C:\Users\JoachimWagner\Documents\Projekte\Bundesbank\DataImport\RepoLendImportTests\bin\Debug\netcoreapp2.1\RepoLendImportTests.dll" adapterTypeName="executor://nunit3testexecutor/" className="BBk.Rc1.Ricis.DataImport.RepoLendImport.Services.Tests.RepoLendFieldCheckServiceTests" name="Check_TwoPropertiesAreNotValid_ReturnsTwoAlerts" />
    </UnitTest>
  </TestDefinitions>
  <TestEntries>
    <TestEntry testId="74ca14a1-d085-28fe-fa5b-6ef7600c66df" executionId="9ea28055-ba50-4627-8622-07bb954b33d9" testListId="8c84fa94-04c1-424b-9868-57a2d4851a1d" />
    <TestEntry testId="e8123387-a16c-4cda-6102-c2ca1aa32a55" executionId="89a66341-a766-4d04-b9cf-dc9cb04c5c83" testListId="8c84fa94-04c1-424b-9868-57a2d4851a1d" />
    <TestEntry testId="e5ae615b-ab6b-72cd-fa0e-190961277a90" executionId="44c305f4-db47-42a5-a3bb-5136e5ba07b9" testListId="8c84fa94-04c1-424b-9868-57a2d4851a1d" />
    <TestEntry testId="ef52c77d-2fcb-6515-62cc-56e4527cd05d" executionId="a86ce246-b5ac-4664-9221-dcf330af8811" testListId="8c84fa94-04c1-424b-9868-57a2d4851a1d" />
    <TestEntry testId="a89724b7-5a9d-8e74-640f-94619edcb3e6" executionId="e29f4305-a1a8-4f1c-93f2-f5e45bcec08e" testListId="8c84fa94-04c1-424b-9868-57a2d4851a1d" />
    <TestEntry testId="3fe7d41a-0ab3-5bab-4efc-570bf9375b6e" executionId="5f45bb15-b96e-4c7e-8ea9-b277b2e740f3" testListId="8c84fa94-04c1-424b-9868-57a2d4851a1d" />
    <TestEntry testId="fcd05b96-b92e-d7f2-527b-b5f44df1b089" executionId="dda36ea7-f16b-4242-95dd-8debd5ff0e61" testListId="8c84fa94-04c1-424b-9868-57a2d4851a1d" />
    <TestEntry testId="310ca7f5-760e-bff5-2f81-a60db0a6099c" executionId="450c4511-41a0-421e-abf6-b9a9c3c4a09d" testListId="8c84fa94-04c1-424b-9868-57a2d4851a1d" />
    <TestEntry testId="ed0b9e76-bae5-9f28-f58d-e69846871bb1" executionId="5f3e4ed1-71dd-4586-83dc-549e67b6a051" testListId="8c84fa94-04c1-424b-9868-57a2d4851a1d" />
    <TestEntry testId="ed2afc47-1f95-85e8-6276-04c75169d120" executionId="e56decac-4d63-4816-96f7-52efd09ee533" testListId="8c84fa94-04c1-424b-9868-57a2d4851a1d" />
    <TestEntry testId="80a0bac5-c07c-3780-702d-6f55aac8baf4" executionId="ab77fcda-8609-4549-b86b-42dad8ddca95" testListId="8c84fa94-04c1-424b-9868-57a2d4851a1d" />
    <TestEntry testId="7cb44998-806a-76bb-2cac-16f4158a9a76" executionId="f529ea1a-b96a-416a-9f8d-79eac90ab38c" testListId="8c84fa94-04c1-424b-9868-57a2d4851a1d" />
    <TestEntry testId="945b037d-189c-6619-8847-76eb2abc73f5" executionId="214071af-0308-4eaf-bbc0-79d273360b5a" testListId="8c84fa94-04c1-424b-9868-57a2d4851a1d" />
    <TestEntry testId="fc97e396-9155-71bb-2cf0-89d5d718587d" executionId="f8180c9e-2e18-4a25-8946-24e835a5b13f" testListId="8c84fa94-04c1-424b-9868-57a2d4851a1d" />
    <TestEntry testId="92a9a05b-7751-0b61-9bce-ef21ab6515d7" executionId="492cda61-48ca-4745-95be-a90caf868f96" testListId="8c84fa94-04c1-424b-9868-57a2d4851a1d" />
    <TestEntry testId="d43e622b-80b5-c9ac-a27e-f80418680e80" executionId="ce7b40e4-58ca-4256-9013-7a0e2cde0986" testListId="8c84fa94-04c1-424b-9868-57a2d4851a1d" />
    <TestEntry testId="3c76c4f8-b752-b5ae-7d11-1d18ad8f4efb" executionId="6015a59b-d89f-46cc-b262-b2d431adcc85" testListId="8c84fa94-04c1-424b-9868-57a2d4851a1d" />
    <TestEntry testId="f0a394d4-4819-27b9-6bd6-c7b6d05ff9b1" executionId="fc5fda88-ee00-4d5a-9075-f5b2ae43af1c" testListId="8c84fa94-04c1-424b-9868-57a2d4851a1d" />
    <TestEntry testId="4c523ea7-ca8b-7b99-b7a9-cd9e014a6818" executionId="77f89bdf-3d76-4ebd-9648-7f57eed75eb2" testListId="8c84fa94-04c1-424b-9868-57a2d4851a1d" />
    <TestEntry testId="4077de25-cbee-579a-4699-0ae692e85bd0" executionId="8ae91078-d0a2-4bae-8a6a-4aaa0f5c49ee" testListId="8c84fa94-04c1-424b-9868-57a2d4851a1d" />
    <TestEntry testId="753513be-283b-2faa-caf1-1aed025a0b31" executionId="39137ac8-c874-4dd8-921d-ec9315c00a19" testListId="8c84fa94-04c1-424b-9868-57a2d4851a1d" />
    <TestEntry testId="343af390-b46b-ff46-9ce6-f669b4fa33c7" executionId="83fd0984-c1e4-479f-ab96-5255d2f1c2c6" testListId="8c84fa94-04c1-424b-9868-57a2d4851a1d" />
    <TestEntry testId="32db0390-2895-05b5-b4db-a03bafd5e412" executionId="6bc521bd-b19c-4c60-ba6c-b905d183c5d6" testListId="8c84fa94-04c1-424b-9868-57a2d4851a1d" />
    <TestEntry testId="580f99e5-0fcb-fb17-664d-7ea4cb69fa9b" executionId="b95468a4-36fe-4bc5-8b75-eb6722e075e4" testListId="8c84fa94-04c1-424b-9868-57a2d4851a1d" />
    <TestEntry testId="14acd5c3-e908-3aec-2946-f44f99f17826" executionId="12c8075a-8e74-44a9-aad1-d7d6e10956bd" testListId="8c84fa94-04c1-424b-9868-57a2d4851a1d" />
    <TestEntry testId="3b46335a-f906-0dba-67c3-44e854aa58e8" executionId="f064cd40-bcc1-4eac-9fd8-2235f240d46a" testListId="8c84fa94-04c1-424b-9868-57a2d4851a1d" />
    <TestEntry testId="8aa2ee32-518f-b5cd-f84a-61356cb78dc0" executionId="41438b35-c7a4-4d2d-a52b-a81ba3bed0a6" testListId="8c84fa94-04c1-424b-9868-57a2d4851a1d" />
    <TestEntry testId="6b87a63b-553f-3360-3c21-0937d96624ab" executionId="bae0f425-55e2-4f22-a5df-f050d9434ba0" testListId="8c84fa94-04c1-424b-9868-57a2d4851a1d" />
    <TestEntry testId="e40343f3-991e-f446-62f6-1a9ecc3c632f" executionId="78b35172-182a-4f39-a43c-2b9acd047e1f" testListId="8c84fa94-04c1-424b-9868-57a2d4851a1d" />
    <TestEntry testId="e7fbf797-1c8b-40a8-5802-94e1c2247ec4" executionId="a74d18e9-4ad6-4921-8f95-f1abaffcbb43" testListId="8c84fa94-04c1-424b-9868-57a2d4851a1d" />
    <TestEntry testId="885a3641-4c76-1c22-9afb-f455f0d473ad" executionId="3a97d388-4207-43a3-9af2-e1b3d29c4ab2" testListId="8c84fa94-04c1-424b-9868-57a2d4851a1d" />
    <TestEntry testId="53b032d3-d2df-78a9-1eed-513c801f548d" executionId="183a5214-7985-4f6f-9bda-34f695060fa0" testListId="8c84fa94-04c1-424b-9868-57a2d4851a1d" />
    <TestEntry testId="ef3be56c-94ed-c047-8d3c-6f8977bd21d2" executionId="f716c667-352a-49f8-957a-64b565645784" testListId="8c84fa94-04c1-424b-9868-57a2d4851a1d" />
    <TestEntry testId="369efccc-352a-528b-d8f5-764e67be203c" executionId="04956283-49eb-4283-ba51-cd838061498f" testListId="8c84fa94-04c1-424b-9868-57a2d4851a1d" />
    <TestEntry testId="305b212d-3908-dc68-eb2b-8809c2122082" executionId="ec084fc9-6a57-46f6-9477-c6ccf75dfe85" testListId="8c84fa94-04c1-424b-9868-57a2d4851a1d" />
    <TestEntry testId="46ac35e9-46fe-6e8e-53cf-d897e294fa7c" executionId="bd31838d-4a4c-4c69-994a-5427ac1a98f5" testListId="8c84fa94-04c1-424b-9868-57a2d4851a1d" />
    <TestEntry testId="f3e52058-e095-79d5-875e-98a9d8638798" executionId="31b2049a-cf23-4d55-b2cd-b2188f5175cf" testListId="8c84fa94-04c1-424b-9868-57a2d4851a1d" />
    <TestEntry testId="a8dc66c6-cdab-ae91-8ff5-81412196dfbe" executionId="612f7504-5618-40a8-a420-32b32d794e67" testListId="8c84fa94-04c1-424b-9868-57a2d4851a1d" />
    <TestEntry testId="d53cf83b-8142-2338-f6e6-0bc959756026" executionId="5dc035b9-25a0-43f6-84f6-92f67869cf9f" testListId="8c84fa94-04c1-424b-9868-57a2d4851a1d" />
    <TestEntry testId="f9541ca4-60fe-9ed3-8824-372402ffc4db" executionId="56b6b7b6-5f93-4683-829e-383fc73d3a2e" testListId="8c84fa94-04c1-424b-9868-57a2d4851a1d" />
    <TestEntry testId="8c92c515-c14b-8438-cbe0-b1712098df6f" executionId="74f9a389-d97f-4255-9220-300cd1dd58f2" testListId="8c84fa94-04c1-424b-9868-57a2d4851a1d" />
    <TestEntry testId="2723b988-abc3-918f-3d4d-d4973a476265" executionId="91c3004a-2c23-4946-a25c-098de1ddb6e6" testListId="8c84fa94-04c1-424b-9868-57a2d4851a1d" />
    <TestEntry testId="4df513fa-06da-d378-51b3-9b3f4db836e9" executionId="195e213a-c493-4f28-af1b-31babbcbf7af" testListId="8c84fa94-04c1-424b-9868-57a2d4851a1d" />
    <TestEntry testId="b5648cee-4bbf-b03b-bd60-3bbff58564a7" executionId="35bc45cb-c037-4da0-a88b-b7401ee2d5f1" testListId="8c84fa94-04c1-424b-9868-57a2d4851a1d" />
    <TestEntry testId="cb6ce52b-7bea-1e6a-7d5e-d9535abaf226" executionId="9e644da8-5da0-4b34-bdc3-0d0a88236f9f" testListId="8c84fa94-04c1-424b-9868-57a2d4851a1d" />
    <TestEntry testId="d779a0a0-02ae-d767-2d29-0670c263b2a4" executionId="68f08c53-1cc5-4ce2-bb6e-905ef3568da3" testListId="8c84fa94-04c1-424b-9868-57a2d4851a1d" />
    <TestEntry testId="f5242c50-e4a6-e1c1-3b1f-51f374c81842" executionId="a8fba608-68cb-4a1d-aebd-dc767b4530a1" testListId="8c84fa94-04c1-424b-9868-57a2d4851a1d" />
    <TestEntry testId="37f0fb93-41be-1b14-e0b2-a8e3a7ec50f4" executionId="36775ca7-2229-4d65-aa13-8861e7b199b5" testListId="8c84fa94-04c1-424b-9868-57a2d4851a1d" />
  </TestEntries>
  <TestLists>
    <TestList name="Ergebnisse nicht in einer Liste" id="8c84fa94-04c1-424b-9868-57a2d4851a1d" />
    <TestList name="Alle geladenen Ergebnisse" id="19431567-8539-422a-85d7-44ee4e166bda" />
  </TestLists>
  <ResultSummary outcome="Completed">
    <Counters total="48" executed="48" passed="48" failed="0" error="0" timeout="0" aborted="0" inconclusive="0" passedButRunAborted="0" notRunnable="0" notExecuted="0" disconnected="0" warning="0" completed="0" inProgress="0" pending="0" />
    <Output>
      <StdOut>NUnit Adapter 3.16.1.0: Test execution started&#xD;
Running all tests in C:\Users\JoachimWagner\Documents\Projekte\Bundesbank\DataImport\RepoLendImportTests\bin\Debug\netcoreapp2.1\RepoLendImportTests.dll&#xD;
   NUnit3TestExecutor converted 48 of 48 NUnit test cases&#xD;
NUnit Adapter 3.16.1.0: Test execution complete&#xD;
</StdOut>
    </Output>
    <CollectorDataEntries>
      <Collector agentName="KEPLER" uri="datacollector://microsoft/CodeCoverage/2.0" collectorDisplayName="Code Coverage">
        <UriAttachments>
          <UriAttachment>
            <A href="KEPLER\JoachimWagner_KEPLER_2021-07-20.10_26_53.coverage"></A>
          </UriAttachment>
        </UriAttachments>
      </Collector>
    </CollectorDataEntries>
  </ResultSummary>
</TestRun>